g[0Ki[0Kt[0K[35G[?25lC:\tesis_catie\Calderon_CATIE>git c[0K[?25ho[0Km[0Km[0Ki[0Kt[0K[42G[?25lC:\tesis_catie\Calderon_CATIE>git commit -[0K[?25hm[0K"#[0K[?25lC:\tesis_catie\Calderon_CATIE>git commit -m"[0K[?25hc[0Ko[0Km[0Km[0Ki[0Kt[0K"[0K]0;  - git  commit -m"commit"[?25l
[0K[?25h]0; On branch master[0K[?25l
Your branch is up to date with 'origin/master'.[0K
[0K
Changes not staged for commit:[0K
        [0;31mmodified:   data/.gitignore[0m[0K
[0K
no changes added to commit[0K
[0K
C:\tesis_catie\Calderon_CATIE>[0K[?25hg[0Ki[0Kt[0K[35G[?25lC:\tesis_catie\Calderon_CATIE>git p[0K[?25hu[0Ks[0Kh[0K]0;  - git  push[?25l
[0K[?25h]0; Everything up-to-date[0K[?25l
[0K
C:\tesis_catie\Calderon_CATIE>[0K[?25hg[0Ki[0Kt[0K[35G[?25lC:\tesis_catie\Calderon_CATIE>git a[0K[?25hd[0Kd[0K[39G[?25lC:\tesis_catie\Calderon_CATIE>git add .[0K[?25h]0;  - git  add .[?25l
[0K[?25h]0; [?25l
C:\tesis_catie\Calderon_CATIE>[0K[?25hg[0Ki[0Kt[0K[35G[?25lC:\tesis_catie\Calderon_CATIE>git c[0K[?25ho[0Km[0Km[0Ki[0Kt[0K[42G[?25lC:\tesis_catie\Calderon_CATIE>git commit -[0K[?25hm[0K"[0K"[0K[45G[44G[?25lC:\tesis_catie\Calderon_CATIE>git commit -mg""[0K[45G[?25h[?25lC:\tesis_catie\Calderon_CATIE>git commit -mgi""[0K[46G[?25h[?25lC:\tesis_catie\Calderon_CATIE>git commit -mgit""[0K[47G[?25h[?25lC:\tesis_catie\Calderon_CATIE>git commit -mgi""[0K[46G[?25h[?25lC:\tesis_catie\Calderon_CATIE>git commit -mg""[0K[45G[?25h[?25lC:\tesis_catie\Calderon_CATIE>git commit -m""[0K[44G[?25h[45G[?25lC:\tesis_catie\Calderon_CATIE>git commit -m"[0K[44G[?25h[45G[?25lC:\tesis_catie\Calderon_CATIE>git commit -m"g[0K[?25hi[0Kt[0K[49G[?25lC:\tesis_catie\Calderon_CATIE>git commit -m"git i[0K[?25hg[0Kn[0Ko[0Kr[0Ke[0K"[0K]0;  - git  commit -m"git ignore"[?25l
[0K[?25h[master 9481156] git ignore[0K[?25l
 1 file changed, 1 insertion(+), 1 deletion(-)[0K
[0K[?25h]0; [?25l
C:\tesis_catie\Calderon_CATIE>[0K[?25hg[0Ki[0Kt[0K[35G[?25lC:\tesis_catie\Calderon_CATIE>git p[0K[?25hu[0Ks[0Kh[0K]0;  - git  push[?25l
[0K[?25hCounting objects: 4, done.[0K[?25l
[0K[?25hDelta compression using up to 4 threads.[0K[?25l
Compressing objects: 100% (3/3), done.[0K
Writing objects: 100% (4/4), 399 bytes | 399.00 KiB/s, done.[0K
Total 4 (delta 1), reused 0 (delta 0)[0K
[0K[?25hremote: Resolving deltas: 100% (1/1), completed with 1 local[0K[?25l
object.[0K
[0K[?25hTo https://github.com/malfaro2/Calderon_CATIE[0K[?25l
   ed74fb2..9481156  master -> master[0K
[0K[?25h]0; [?25l
C:\tesis_catie\Calderon_CATIE>[0K[?25hg[0Ki[0Kt[0K[35G[?25lC:\tesis_catie\Calderon_CATIE>git s[0K[?25ht[0Ka[0Kt[0Ku[0Ks[0K]0;  - git  status[?25l
[0K[?25h]0; On branch master[0K[?25l
Your branch is up to date with 'origin/master'.[0K
[0K
nothing to commit, working tree clean[0K
[0K
C:\tesis_catie\Calderon_CATIE>[0K[?25hgit status[0K[?25lC:\tesis_catie\Calderon_CATIE>git push[0K[?25h[?25lC:\tesis_catie\Calderon_CATIE>git commit -m"git ignore"[0K[?25h[?25lC:\tesis_catie\Calderon_CATIE>git add .[0K[?25h]0;  - git  add .[?25l
[0K[?25hwarning: LF will be replaced by CRLF in .Rproj.user/8A7F91B8[0K/[?25l
pcs/debug-breakpoints.pper.[0K
The file will have its original line endings in your working[0K
directory.[0K
[0K[?25hwarning: LF will be replaced by CRLF in .Rproj.user/8A7F91B8[0K/[?25l
pcs/files-pane.pper.[0K
The file will have its original line endings in your working[0K
directory.[0K
[0K[?25hwarning: LF will be replaced by CRLF in .Rproj.user/8A7F91B8[0K/[?25l
pcs/source-pane.pper.[0K
The file will have its original line endings in your working[0K
directory.[0K
[0K[?25hwarning: LF will be replaced by CRLF in .Rproj.user/8A7F91B8[0K/[?25l
pcs/source-window.pper.[0K
The file will have its original line endings in your working[0K
directory.[0K
[0K[?25hwarning: LF will be replaced by CRLF in .Rproj.user/8A7F91B8[0K/[?25l
pcs/windowlayoutstate.pper.[0K
The file will have its original line endings in your working[0K
directory.[0K
[0K[?25hwarning: LF will be replaced by CRLF in .Rproj.user/8A7F91B8[0K/[?25l
pcs/workbench-pane.pper.[0K
The file will have its original line endings in your working[0K
directory.[0K
[0K[?25hwarning: LF will be replaced by CRLF in .Rproj.user/8A7F91B8[0K/[?25l
persistent-state.[0K
The file will have its original line endings in your working[0K
directory.[0K
[0K[?25hwarning: LF will be replaced by CRLF in .Rproj.user/8A7F91B8[0K/[?25l
rmd-outputs.[0K
The file will have its original line endings in your working[0K
directory.[0K
[0K[?25hwarning: LF will be replaced by CRLF in .Rproj.user/8A7F91B8[0K/[?25l
sources/prop/1D26EB61.[0K
The file will have its original line endings in your working[0K
directory.[0K
[0K[?25hwarning: LF will be replaced by CRLF in .Rproj.user/8A7F91B8[0K/[?25l
sources/prop/206B3D6D.[0K
The file will have its original line endings in your working[0K
directory.[0K
[0K[?25hwarning: LF will be replaced by CRLF in .Rproj.user/8A7F91B8[0K/[?25l
sources/prop/20AC5664.[0K
The file will have its original line endings in your working[0K
directory.[0K
[0K[?25hwarning: LF will be replaced by CRLF in .Rproj.user/8A7F91B8[0K/[?25l
sources/prop/2368DEE1.[0K
The file will have its original line endings in your working[0K
directory.[0K
[0K[?25hwarning: LF will be replaced by CRLF in .Rproj.user/8A7F91B8[0K/[?25l
sources/prop/28C32CBC.[0K
The file will have its original line endings in your working[0K
directory.[0K
[0K[?25hwarning: LF will be replaced by CRLF in .Rproj.user/8A7F91B8[0K/[?25l
sources/prop/2AC7542.[0K
The file will have its original line endings in your working[0K
directory.[0K
[0K[?25hwarning: LF will be replaced by CRLF in .Rproj.user/8A7F91B8[0K/[?25l
sources/prop/2D16981E.[0K
The file will have its original line endings in your working[0K
directory.[0K
[0K[?25hwarning: LF will be replaced by CRLF in .Rproj.user/8A7F91B8[0K/[?25l
sources/prop/2DF3C1AE.[0K
The file will have its original line endings in your working[0K
directory.[0K
warning: LF will be replaced by CRLF in .Rproj.user/8A7F91B8[0K/
sources/prop/2E0AD1E3.[0K
The file will have its original line endings in your working[0K
directory.[0K
[0K[?25hwarning: LF will be replaced by CRLF in .Rproj.user/8A7F91B8[0K/[?25l
sources/prop/3005957D.[0K
The file will have its original line endings in your working[0K
directory.[0K
warning: LF will be replaced by CRLF in .Rproj.user/8A7F91B8[0K/
sources/prop/302A2DD0.[0K
The file will have its original line endings in your working[0K
directory.[0K
[0K[?25hwarning: LF will be replaced by CRLF in .Rproj.user/8A7F91B8[0K/[?25l
sources/prop/3416A9FF.[0K
The file will have its original line endings in your working[0K
directory.[0K
[0K[?25hwarning: LF will be replaced by CRLF in .Rproj.user/8A7F91B8[0K/[?25l
sources/prop/38039903.[0K
The file will have its original line endings in your working[0K
directory.[0K
[0K[?25hwarning: LF will be replaced by CRLF in .Rproj.user/8A7F91B8[0K/[?25l
sources/prop/3D7B60A.[0K
The file will have its original line endings in your working[0K
directory.[0K
[0K[?25hwarning: LF will be replaced by CRLF in .Rproj.user/8A7F91B8[0K/[?25l
sources/prop/484955FB.[0K
The file will have its original line endings in your working[0K
directory.[0K
[0K[?25hwarning: LF will be replaced by CRLF in .Rproj.user/8A7F91B8[0K/[?25l
sources/prop/4907C75E.[0K
The file will have its original line endings in your working[0K
directory.[0K
[0K[?25hwarning: LF will be replaced by CRLF in .Rproj.user/8A7F91B8[0K/[?25l
sources/prop/50BD5358.[0K
The file will have its original line endings in your working[0K
directory.[0K
[0K[?25hwarning: LF will be replaced by CRLF in .Rproj.user/8A7F91B8[0K/[?25l
sources/prop/5A60E266.[0K
The file will have its original line endings in your working[0K
directory.[0K
[0K[?25hwarning: LF will be replaced by CRLF in .Rproj.user/8A7F91B8[0K/[?25l
sources/prop/5C51774A.[0K
The file will have its original line endings in your working[0K
directory.[0K
[0K[?25hwarning: LF will be replaced by CRLF in .Rproj.user/8A7F91B8[0K/[?25l
sources/prop/5FD0C348.[0K
The file will have its original line endings in your working[0K
directory.[0K
[0K[?25hwarning: LF will be replaced by CRLF in .Rproj.user/8A7F91B8[0K/[?25l
sources/prop/60048E4C.[0K
The file will have its original line endings in your working[0K
directory.[0K
[0K[?25hwarning: LF will be replaced by CRLF in .Rproj.user/8A7F91B8[0K/[?25l
sources/prop/60F402A9.[0K
The file will have its original line endings in your working[0K
directory.[0K
[0K[?25hwarning: LF will be replaced by CRLF in .Rproj.user/8A7F91B8[0K/[?25l
sources/prop/663B5C1.[0K
The file will have its original line endings in your working[0K
directory.[0K
[0K[?25hwarning: LF will be replaced by CRLF in .Rproj.user/8A7F91B8[0K/[?25l
sources/prop/69B8F14B.[0K
The file will have its original line endings in your working[0K
directory.[0K
[0K[?25hwarning: LF will be replaced by CRLF in .Rproj.user/8A7F91B8[0K/[?25l
sources/prop/6D71B7CB.[0K
The file will have its original line endings in your working[0K
directory.[0K
[0K[?25hwarning: LF will be replaced by CRLF in .Rproj.user/8A7F91B8[0K/[?25l
sources/prop/6E06BBF6.[0K
The file will have its original line endings in your working[0K
directory.[0K
[0K[?25hwarning: LF will be replaced by CRLF in .Rproj.user/8A7F91B8[0K/[?25l
sources/prop/702CE7D7.[0K
The file will have its original line endings in your working[0K
directory.[0K
warning: LF will be replaced by CRLF in .Rproj.user/8A7F91B8[0K/
sources/prop/727A8A6A.[0K
[0K[?25hThe file will have its original line endings in your working[0K[?25l
directory.[0K
warning: LF will be replaced by CRLF in .Rproj.user/8A7F91B8[0K/
sources/prop/758E8E6.[0K
The file will have its original line endings in your working[0K
directory.[0K
[0K[?25hwarning: LF will be replaced by CRLF in .Rproj.user/8A7F91B8[0K/[?25l
sources/prop/7C9505E2.[0K
The file will have its original line endings in your working[0K
directory.[0K
warning: LF will be replaced by CRLF in .Rproj.user/8A7F91B8[0K/
sources/prop/7FADBA28.[0K
The file will have its original line endings in your working[0K
directory.[0K
[0K[?25hwarning: LF will be replaced by CRLF in .Rproj.user/8A7F91B8[0K/[?25l
sources/prop/82B51EE7.[0K
The file will have its original line endings in your working[0K
directory.[0K
[0K[?25hwarning: LF will be replaced by CRLF in .Rproj.user/8A7F91B8[0K/[?25l
sources/prop/82BC2FF1.[0K
The file will have its original line endings in your working[0K
directory.[0K
[0K[?25hwarning: LF will be replaced by CRLF in .Rproj.user/8A7F91B8[0K/[?25l
sources/prop/85830C05.[0K
The file will have its original line endings in your working[0K
directory.[0K
[0K[?25hwarning: LF will be replaced by CRLF in .Rproj.user/8A7F91B8[0K/[?25l
sources/prop/889C1A58.[0K
The file will have its original line endings in your working[0K
directory.[0K
[0K[?25hwarning: LF will be replaced by CRLF in .Rproj.user/8A7F91B8[0K/[?25l
sources/prop/895220F7.[0K
The file will have its original line endings in your working[0K
directory.[0K
[0K[?25hwarning: LF will be replaced by CRLF in .Rproj.user/8A7F91B8[0K/[?25l
sources/prop/8EE1EE65.[0K
The file will have its original line endings in your working[0K
directory.[0K
[0K[?25hwarning: LF will be replaced by CRLF in .Rproj.user/8A7F91B8[0K/[?25l
sources/prop/96ABEE79.[0K
The file will have its original line endings in your working[0K
directory.[0K
[0K[?25hwarning: LF will be replaced by CRLF in .Rproj.user/8A7F91B8[0K/[?25l
sources/prop/9E10A40A.[0K
The file will have its original line endings in your working[0K
directory.[0K
[0K[?25hwarning: LF will be replaced by CRLF in .Rproj.user/8A7F91B8[0K/[?25l
sources/prop/9E3CCB9D.[0K
The file will have its original line endings in your working[0K
directory.[0K
warning: LF will be replaced by CRLF in .Rproj.user/8A7F91B8[0K/
sources/prop/9FAB9803.[0K
The file will have its original line endings in your working[0K
directory.[0K
[0K[?25hwarning: LF will be replaced by CRLF in .Rproj.user/8A7F91B8[0K/[?25l
sources/prop/A2005D5D.[0K
The file will have its original line endings in your working[0K
directory.[0K
[0K[?25hwarning: LF will be replaced by CRLF in .Rproj.user/8A7F91B8[0K/[?25l
sources/prop/A2027043.[0K
The file will have its original line endings in your working[0K
directory.[0K
[0K[?25hwarning: LF will be replaced by CRLF in .Rproj.user/8A7F91B8[0K/[?25l
sources/prop/A2C426B5.[0K
The file will have its original line endings in your working[0K
directory.[0K
[0K[?25hwarning: LF will be replaced by CRLF in .Rproj.user/8A7F91B8[0K/[?25l
sources/prop/A680AFD.[0K
The file will have its original line endings in your working[0K
directory.[0K
[0K[?25hwarning: LF will be replaced by CRLF in .Rproj.user/8A7F91B8[0K/[?25l
sources/prop/ACC600ED.[0K
The file will have its original line endings in your working[0K
directory.[0K
warning: LF will be replaced by CRLF in .Rproj.user/8A7F91B8[0K/
sources/prop/AD53AE03.[0K
The file will have its original line endings in your working[0K
directory.[0K
[0K[?25hwarning: LF will be replaced by CRLF in .Rproj.user/8A7F91B8[0K/[?25l
sources/prop/AD761F78.[0K
The file will have its original line endings in your working[0K
directory.[0K
[0K[?25hwarning: LF will be replaced by CRLF in .Rproj.user/8A7F91B8[0K/[?25l
sources/prop/AE314F03.[0K
The file will have its original line endings in your working[0K
directory.[0K
[0K[?25hwarning: LF will be replaced by CRLF in .Rproj.user/8A7F91B8[0K/[?25l
sources/prop/AEF77258.[0K
The file will have its original line endings in your working[0K
directory.[0K
[0K[?25hwarning: LF will be replaced by CRLF in .Rproj.user/8A7F91B8[0K/[?25l
sources/prop/B51A977D.[0K
The file will have its original line endings in your working[0K
directory.[0K
warning: LF will be replaced by CRLF in .Rproj.user/8A7F91B8[0K/
sources/prop/B6C71524.[0K
The file will have its original line endings in your working[0K
directory.[0K
warning: LF will be replaced by CRLF in .Rproj.user/8A7F91B8[0K/
sources/prop/B96099C1.[0K
The file will have its original line endings in your working[0K
directory.[0K
[0K[?25hwarning: LF will be replaced by CRLF in .Rproj.user/8A7F91B8[0K/[?25l
sources/prop/BA6DAFF2.[0K
The file will have its original line endings in your working[0K
directory.[0K
[0K[?25hwarning: LF will be replaced by CRLF in .Rproj.user/8A7F91B8[0K/[?25l
sources/prop/C71548DC.[0K
The file will have its original line endings in your working[0K
directory.[0K
[0K[?25hwarning: LF will be replaced by CRLF in .Rproj.user/8A7F91B8[0K/[?25l
sources/prop/C8005029.[0K
The file will have its original line endings in your working[0K
directory.[0K
[0K[?25hwarning: LF will be replaced by CRLF in .Rproj.user/8A7F91B8[0K/[?25l
sources/prop/C8071912.[0K
The file will have its original line endings in your working[0K
directory.[0K
[0K[?25hwarning: LF will be replaced by CRLF in .Rproj.user/8A7F91B8[0K/[?25l
sources/prop/C8C58C50.[0K
The file will have its original line endings in your working[0K
directory.[0K
[0K[?25hwarning: LF will be replaced by CRLF in .Rproj.user/8A7F91B8[0K/[?25l
sources/prop/CBF9D63A.[0K
The file will have its original line endings in your working[0K
directory.[0K
[0K[?25hwarning: LF will be replaced by CRLF in .Rproj.user/8A7F91B8[0K/[?25l
sources/prop/DAF6F6C8.[0K
The file will have its original line endings in your working[0K
directory.[0K
[0K[?25hwarning: LF will be replaced by CRLF in .Rproj.user/8A7F91B8[0K/[?25l
sources/prop/DE41785C.[0K
The file will have its original line endings in your working[0K
directory.[0K
[0K[?25hwarning: LF will be replaced by CRLF in .Rproj.user/8A7F91B8[0K/[?25l
sources/prop/DE7883BD.[0K
The file will have its original line endings in your working[0K
directory.[0K
[0K[?25hwarning: LF will be replaced by CRLF in .Rproj.user/8A7F91B8[0K/[?25l
sources/prop/E1881DD0.[0K
The file will have its original line endings in your working[0K
directory.[0K
[0K[?25hwarning: LF will be replaced by CRLF in .Rproj.user/8A7F91B8[0K/[?25l
sources/prop/E244BA48.[0K
The file will have its original line endings in your working[0K
directory.[0K
[0K[?25hwarning: LF will be replaced by CRLF in .Rproj.user/8A7F91B8[0K/[?25l
sources/prop/E366B6E1.[0K
The file will have its original line endings in your working[0K
directory.[0K
warning: LF will be replaced by CRLF in .Rproj.user/8A7F91B8[0K/
sources/prop/E3752708.[0K
The file will have its original line endings in your working[0K
directory.[0K
[0K[?25hwarning: LF will be replaced by CRLF in .Rproj.user/8A7F91B8[0K/[?25l
sources/prop/ED125289.[0K
The file will have its original line endings in your working[0K
directory.[0K
[0K[?25hwarning: LF will be replaced by CRLF in .Rproj.user/8A7F91B8[0K/[?25l
sources/prop/F57894C3.[0K
The file will have its original line endings in your working[0K
directory.[0K
[0K[?25hwarning: LF will be replaced by CRLF in .Rproj.user/8A7F91B8[0K/[?25l
sources/prop/F6418F6C.[0K
The file will have its original line endings in your working[0K
directory.[0K
[0K[?25hwarning: LF will be replaced by CRLF in .Rproj.user/8A7F91B8[0K/[?25l
sources/prop/F69AC0D8.[0K
The file will have its original line endings in your working[0K
directory.[0K
[0K[?25hwarning: LF will be replaced by CRLF in .Rproj.user/8A7F91B8[0K/[?25l
sources/prop/FA108F05.[0K
The file will have its original line endings in your working[0K
directory.[0K
[0K[?25hwarning: LF will be replaced by CRLF in .Rproj.user/8A7F91B8[0K/[?25l
sources/prop/FCAC3BE2.[0K
The file will have its original line endings in your working[0K
directory.[0K
[0K[?25hwarning: LF will be replaced by CRLF in .Rproj.user/8A7F91B8[0K/[?25l
sources/prop/INDEX.[0K
The file will have its original line endings in your working[0K
directory.[0K
[0K[?25hwarning: LF will be replaced by CRLF in .Rproj.user/shared/n[0Ko[?25l
tebooks/paths.[0K
The file will have its original line endings in your working[0K
directory.[0K
[0K[?25h]0; [?25l
C:\tesis_catie\Calderon_CATIE>[0K[?25hgit add .[0K[?25lC:\tesis_catie\Calderon_CATIE>git push[0K[?25h[?25lC:\tesis_catie\Calderon_CATIE>git commit -m"commit"[0K[?25h[?25lC:\tesis_catie\Calderon_CATIE>git add .[0K[?25h[?25lC:\tesis_catie\Calderon_CATIE>git status[0K[?25h[?25lC:\tesis_catie\Calderon_CATIE>git push[0K[?25h[?25lC:\tesis_catie\Calderon_CATIE>git commit -m"git ignore"[0K[?25h]0;  - git  commit -m"git ignore"[?25l
[0K[?25h]0; [master 76fb8ae] git ignore[0K[?25l
 86 files changed, 532 insertions(+), 6 deletions(-)[0K
 create mode 100644 .Rproj.user/8A7F91B8/console06/EA2D521E[0K
 create mode 100644 .Rproj.user/8A7F91B8/pcs/debug-breakpoin[0Kt
s.pper[0K
 create mode 100644 .Rproj.user/8A7F91B8/pcs/files-pane.pper[0K
 create mode 100644 .Rproj.user/8A7F91B8/pcs/source-pane.ppe[0Kr
[0K
 create mode 100644 .Rproj.user/8A7F91B8/pcs/source-window.p[0Kp
er[0K
 create mode 100644 .Rproj.user/8A7F91B8/pcs/windowlayoutsta[0Kt
e.pper[0K
 create mode 100644 .Rproj.user/8A7F91B8/pcs/workbench-pane.[0Kp
per[0K
 create mode 100644 .Rproj.user/8A7F91B8/persistent-state[0K
 create mode 100644 .Rproj.user/8A7F91B8/rmd-outputs[0K
 create mode 100644 .Rproj.user/8A7F91B8/saved_source_marker[0Ks
[0K
 create mode 100644 .Rproj.user/8A7F91B8/sources/prop/1D26EB[0K6
1[0K
 create mode 100644 .Rproj.user/8A7F91B8/sources/prop/206B3D[0K6
D[0K
 create mode 100644 .Rproj.user/8A7F91B8/sources/prop/20AC56[0K6
4[0K
 create mode 100644 .Rproj.user/8A7F91B8/sources/prop/2368DE[0KE
1[0K
 create mode 100644 .Rproj.user/8A7F91B8/sources/prop/28C32C[0KB
C[0K
 create mode 100644 .Rproj.user/8A7F91B8/sources/prop/2AC754[0K2
[0K
 create mode 100644 .Rproj.user/8A7F91B8/sources/prop/2D1698[0K1
E[0K
 create mode 100644 .Rproj.user/8A7F91B8/sources/prop/2DF3C1[0KA
E[0K
 create mode 100644 .Rproj.user/8A7F91B8/sources/prop/2E0AD1[0KE
3[0K
 create mode 100644 .Rproj.user/8A7F91B8/sources/prop/300595[0K7
D[0K
 create mode 100644 .Rproj.user/8A7F91B8/sources/prop/302A2D[0KD
0[0K
 create mode 100644 .Rproj.user/8A7F91B8/sources/prop/3416A9[0KF
F[0K
 create mode 100644 .Rproj.user/8A7F91B8/sources/prop/380399[0K0
3[0K
 create mode 100644 .Rproj.user/8A7F91B8/sources/prop/3D7B60[0KA
[0K
 create mode 100644 .Rproj.user/8A7F91B8/sources/prop/484955[0KF
B[0K
 create mode 100644 .Rproj.user/8A7F91B8/sources/prop/4907C7[0K5
E[0K
 create mode 100644 .Rproj.user/8A7F91B8/sources/prop/50BD53[0K5
8[0K
 create mode 100644 .Rproj.user/8A7F91B8/sources/prop/5A60E2[0K6
6[0K
 create mode 100644 .Rproj.user/8A7F91B8/sources/prop/5C5177[0K4
A[0K
 create mode 100644 .Rproj.user/8A7F91B8/sources/prop/5FD0C3[0K4
8[0K
 create mode 100644 .Rproj.user/8A7F91B8/sources/prop/60048E[0K4
C[0K
 create mode 100644 .Rproj.user/8A7F91B8/sources/prop/60F402[0KA
9[0K
 create mode 100644 .Rproj.user/8A7F91B8/sources/prop/663B5C[0K1
[0K
 create mode 100644 .Rproj.user/8A7F91B8/sources/prop/69B8F1[0K4
B[0K
 create mode 100644 .Rproj.user/8A7F91B8/sources/prop/6D71B7[0KC
B[0K
 create mode 100644 .Rproj.user/8A7F91B8/sources/prop/6E06BB[0KF
6[0K
 create mode 100644 .Rproj.user/8A7F91B8/sources/prop/702CE7[0KD
7[0K
 create mode 100644 .Rproj.user/8A7F91B8/sources/prop/727A8A[0K6
A[0K
 create mode 100644 .Rproj.user/8A7F91B8/sources/prop/758E8E[0K6
[0K
 create mode 100644 .Rproj.user/8A7F91B8/sources/prop/7C9505[0KE
2[0K
 create mode 100644 .Rproj.user/8A7F91B8/sources/prop/7FADBA[0K2
8[0K
 create mode 100644 .Rproj.user/8A7F91B8/sources/prop/82B51E[0KE
7[0K
 create mode 100644 .Rproj.user/8A7F91B8/sources/prop/82BC2F[0KF
1[0K
 create mode 100644 .Rproj.user/8A7F91B8/sources/prop/85830C[0K0
5[0K
 create mode 100644 .Rproj.user/8A7F91B8/sources/prop/889C1A[0K5
8[0K
 create mode 100644 .Rproj.user/8A7F91B8/sources/prop/895220[0KF
7[0K
 create mode 100644 .Rproj.user/8A7F91B8/sources/prop/8EE1EE[0K6
5[0K
 create mode 100644 .Rproj.user/8A7F91B8/sources/prop/96ABEE[0K7
9[0K
 create mode 100644 .Rproj.user/8A7F91B8/sources/prop/9E10A4[0K0
A[0K
 create mode 100644 .Rproj.user/8A7F91B8/sources/prop/9E3CCB[0K9
D[0K
 create mode 100644 .Rproj.user/8A7F91B8/sources/prop/9FAB98[0K0
3[0K
 create mode 100644 .Rproj.user/8A7F91B8/sources/prop/A2005D[0K5
D[0K
 create mode 100644 .Rproj.user/8A7F91B8/sources/prop/A20270[0K4
3[0K
 create mode 100644 .Rproj.user/8A7F91B8/sources/prop/A2C426[0KB
5[0K
 create mode 100644 .Rproj.user/8A7F91B8/sources/prop/A680AF[0KD
[0K
 create mode 100644 .Rproj.user/8A7F91B8/sources/prop/ACC600[0KE
D[0K
 create mode 100644 .Rproj.user/8A7F91B8/sources/prop/AD53AE[0K0
3[0K
 create mode 100644 .Rproj.user/8A7F91B8/sources/prop/AD761F[0K7
8[0K
 create mode 100644 .Rproj.user/8A7F91B8/sources/prop/AE314F[0K0
3[0K
 create mode 100644 .Rproj.user/8A7F91B8/sources/prop/AEF772[0K5
8[0K
 create mode 100644 .Rproj.user/8A7F91B8/sources/prop/B51A97[0K7
D[0K
 create mode 100644 .Rproj.user/8A7F91B8/sources/prop/B6C715[0K2
4[0K
 create mode 100644 .Rproj.user/8A7F91B8/sources/prop/B96099[0KC
1[0K
 create mode 100644 .Rproj.user/8A7F91B8/sources/prop/BA6DAF[0KF
2[0K
 create mode 100644 .Rproj.user/8A7F91B8/sources/prop/C71548[0KD
C[0K
 create mode 100644 .Rproj.user/8A7F91B8/sources/prop/C80050[0K2
9[0K
 create mode 100644 .Rproj.user/8A7F91B8/sources/prop/C80719[0K1
2[0K
 create mode 100644 .Rproj.user/8A7F91B8/sources/prop/C8C58C[0K5
0[0K
 create mode 100644 .Rproj.user/8A7F91B8/sources/prop/CBF9D6[0K3
A[0K
 create mode 100644 .Rproj.user/8A7F91B8/sources/prop/DAF6F6[0KC
8[0K
 create mode 100644 .Rproj.user/8A7F91B8/sources/prop/DE4178[0K5
C[0K
 create mode 100644 .Rproj.user/8A7F91B8/sources/prop/DE7883[0KB
D[0K
 create mode 100644 .Rproj.user/8A7F91B8/sources/prop/E1881D[0KD
0[0K
 create mode 100644 .Rproj.user/8A7F91B8/sources/prop/E244BA[0K4
8[0K
 create mode 100644 .Rproj.user/8A7F91B8/sources/prop/E366B6[0KE
1[0K
 create mode 100644 .Rproj.user/8A7F91B8/sources/prop/E37527[0K0
8[0K
 create mode 100644 .Rproj.user/8A7F91B8/sources/prop/ED1252[0K8
9[0K
 create mode 100644 .Rproj.user/8A7F91B8/sources/prop/F57894[0KC
3[0K
 create mode 100644 .Rproj.user/8A7F91B8/sources/prop/F6418F[0K6
C[0K
 create mode 100644 .Rproj.user/8A7F91B8/sources/prop/F69AC0[0KD
8[0K
 create mode 100644 .Rproj.user/8A7F91B8/sources/prop/FA108F[0K0
5[0K
 create mode 100644 .Rproj.user/8A7F91B8/sources/prop/FCAC3B[0KE
2[0K
 create mode 100644 .Rproj.user/8A7F91B8/sources/prop/INDEX[0K
 create mode 100644 .Rproj.user/8A7F91B8/sources/s-63FBD39A/[0Kl
ock_file[0K
 create mode 100644 .Rproj.user/shared/notebooks/paths[0K
[0K
C:\tesis_catie\Calderon_CATIE>[0K[?25hgit commit -m"git ignore"[0K[?25lC:\tesis_catie\Calderon_CATIE>git add .[0K[?25h[?25lC:\tesis_catie\Calderon_CATIE>git status[0K[?25h[?25lC:\tesis_catie\Calderon_CATIE>git checkout master[0K[?25h[?25lC:\tesis_catie\Calderon_CATIE>git status[0K[?25h[?25lC:\tesis_catie\Calderon_CATIE>git push[0K[?25h]0;  - git  push[?25l
[0K[?25hCounting objects: 89, done.[0K[?25l
Delta compression using up to 4 threads.[0K
Compressing objects: 100% (84/84), done.[0K
Writing objects:  30% (27/89)[0K[1G[?25hWriting objects: 100% (89/89), 11.48 KiB | 691.00 KiB/s, don[0Ke[?25l
.[0K
Total 89 (delta 4), reused 0 (delta 0)[0K
[0K[?25hremote: Resolving deltas: 100% (4/4), completed with 1 local[0K[?25l
object.[0K
[0K[?25h]0; To https://github.com/malfaro2/Calderon_CATIE[0K[?25l
   9481156..76fb8ae  master -> master[0K
[0K
C:\tesis_catie\Calderon_CATIE>[0K[?25hgit push[0K]0;  - git  push[?25l
[0K[?25hEverything up-to-date[0K[?25l
[0K[?25h]0; [?25l
C:\tesis_catie\Calderon_CATIE>[0K[?25hg[0Ki[0Kt[0K[35G[?25lC:\tesis_catie\Calderon_CATIE>git c[0K[?25h[?25lC:\tesis_catie\Calderon_CATIE>git[0K[35G[?25h[?25lC:\tesis_catie\Calderon_CATIE>git a[0K[?25hd[0Kd[0K[39G[?25lC:\tesis_catie\Calderon_CATIE>git add .[0K[?25h]0;  - git  add .[?25l
[0K[?25hwarning: LF will be replaced by CRLF in .Rproj.user/8A7F91B8[0K/[?25l
sources/prop/INDEX.[0K
The file will have its original line endings in your working[0K
directory.[0K
warning: LF will be replaced by CRLF in .Rproj.user/shared/n[0Ko
tebooks/paths.[0K
The file will have its original line endings in your working[0K
directory.[0K
[0K[?25hwarning: LF will be replaced by CRLF in .Rproj.user/8A7F91B8[0K/[?25l
sources/prop/CD96E7BA.[0K
The file will have its original line endings in your working[0K
directory.[0K
warning: LF will be replaced by CRLF in .Rproj.user/8A7F91B8[0K/
sources/s-63FBD39A/B0F9A81C-contents.[0K
The file will have its original line endings in your working[0K
directory.[0K
[0K[?25h]0; [?25l
C:\tesis_catie\Calderon_CATIE>[0K[?25hg[0Ki[0Kt[0K[35G[?25lC:\tesis_catie\Calderon_CATIE>git c[0K[?25ho[0Km[0Km[0Ki[0Kt[0K[42G[?25lC:\tesis_catie\Calderon_CATIE>git commit -[0K[?25hm[0K"[0K"[0K[45G[?25lC:\tesis_catie\Calderon_CATIE>git commit -m"g"[0K[46G[?25h[?25lC:\tesis_catie\Calderon_CATIE>git commit -m"gi"[0K[47G[?25h[?25lC:\tesis_catie\Calderon_CATIE>git commit -m"git"[0K[48G[?25h[?25lC:\tesis_catie\Calderon_CATIE>git commit -m"git "[0K[49G[?25h[?25lC:\tesis_catie\Calderon_CATIE>git commit -m"git i"[0K[50G[?25h[?25lC:\tesis_catie\Calderon_CATIE>git commit -m"git ig"[0K[51G[?25h[?25lC:\tesis_catie\Calderon_CATIE>git commit -m"git ign"[0K[52G[?25h[?25lC:\tesis_catie\Calderon_CATIE>git commit -m"git igno"[0K[53G[?25h[?25lC:\tesis_catie\Calderon_CATIE>git commit -m"git ignor"[0K[54G[?25h[?25lC:\tesis_catie\Calderon_CATIE>git commit -m"git ignore"[0K[55G[?25h]0;  - git  commit -m"git ignore"[?25l
[0K[?25h]0; [master 21aa169] git ignore[0K[?25l
 5 files changed, 520 insertions(+), 1 deletion(-)[0K
 create mode 100644 .Rproj.user/8A7F91B8/sources/prop/CD96E7[0KB
A[0K
 create mode 100644 .Rproj.user/8A7F91B8/sources/s-63FBD39A/[0KB
0F9A81C-contents[0K
[0K[?25h[?25l
C:\tesis_catie\Calderon_CATIE>[0K[?25hg[0Ki[0Kt[0K[35G[?25lC:\tesis_catie\Calderon_CATIE>git p[0K[?25hu[0Ks[0Kh[0K]0;  - git  push[?25l
[0K[?25hCounting objects: 13, done.[0K[?25l
Delta compression using up to 4 threads.[0K
Compressing objects: 100% (12/12), done.[0K
Writing objects: 100% (13/13), 3.42 KiB | 1.71 MiB/s, done.[0K
Total 13 (delta 5), reused 0 (delta 0)[0K
[0K[?25hremote: Resolving deltas: 100% (5/5), completed with 5 local[0K[?25l
objects.[0K
[0K[?25h]0; To https://github.com/malfaro2/Calderon_CATIE[0K[?25l
   4b9ac16..21aa169  master -> master[0K
[0K
[0K[?25hC:\tesis_catie\Calderon_CATIE>[0Kg[0Ki[0Kt[0K[35G[?25lC:\tesis_catie\Calderon_CATIE>git s[0K[?25ht[0Ka[0Kt[0Ku[0Ks[0K[?25l
[0K[?25h]0;  - git  status]0; On branch master[0K[?25l
Your branch is up to date with 'origin/master'.[0K
[0K
Changes not staged for commit:[0K
  (use "git add <file>..." to update what will be committed)[0K
  (use "git checkout -- <file>..." to discard changes in wor[0Kk
ing directory)[0K
[0K
        [0;31mmodified:   .Rproj.user/8A7F91B8/console06/EA2D521E[0m[0K
        [0;31mmodified:   .Rproj.user/shared/notebooks/paths[0m[0K
[0K
no changes added to commit (use "git add" and/or "git commit[0K
-a")[0K
[0K
C:\tesis_catie\Calderon_CATIE>[0K[?25hg[0Ki[0Kt[0K[35G[?25lC:\tesis_catie\Calderon_CATIE>git a[0K[?25hd[0Kd[0K[39G[?25lC:\tesis_catie\Calderon_CATIE>git add .[0K[?25h