]0;Administrator:  [0mMicrosoft Windows [Version 6.1.7601][0K[?25l
Copyright (c) 2009 Microsoft Corporation.  All rights reserved.[0K
[0K
C:\tesis_catie\Calderon_CATIE>[0K[?25hG[0KI[0KT[0K[35G[34G[?25lC:\tesis_catie\Calderon_CATIE>GI[0K[?25h[?25lC:\tesis_catie\Calderon_CATIE>G[0K[?25h[?25lC:\tesis_catie\Calderon_CATIE>[0K[?25hg[0Ki[0Kt[0K[35G[?25lC:\tesis_catie\Calderon_CATIE>git s[0K[?25ht[0Ka[0Kt[0Ku[0Ks[0K]0;Administrator:   - git  status[?25l
[0K[?25h]0;Administrator:  On branch master[0K[?25l
Your branch is up to date with 'origin/master'.[0K
[0K
Changes to be committed:[0K
  (use "git reset HEAD <file>..." to unstage)[0K
[0K
        [0;32mmodified:   .Rproj.user/8A7F91B8/console06/EA2D521E[0m[0K
[0K
Changes not staged for commit:[0K
  (use "git add <file>..." to update what will be committed)[0K
  (use "git checkout -- <file>..." to discard changes in working directory)[0K
[0K
        [0;31mmodified:   .Rproj.user/8A7F91B8/console06/EA2D521E[0m[0K
        [0;31mmodified:   .Rproj.user/8A7F91B8/console06/INDEX001[0m[0K
[0K
[0K
C:\tesis_catie\Calderon_CATIE>[0K[?25hg[0Ki[0Kt[0K[35G[?25lC:\tesis_catie\Calderon_CATIE>git r[0K[?25he[0Ks[0Ke[0Kt[0K[41G[?25lC:\tesis_catie\Calderon_CATIE>git reset H[0K[?25he[0Ka[0K[?25lC:\tesis_catie\Calderon_CATIE>git reset He[0K[?25h[?25lC:\tesis_catie\Calderon_CATIE>git reset H[0K[?25hE[0KA[0KD[0K[46G[?25lC:\tesis_catie\Calderon_CATIE>git reset HEAD ^V[0K[?25h[?25lC:\tesis_catie\Calderon_CATIE>git reset HEAD[0K[46G[?25h[45G[46G]0;Administrator:   - git  reset HEAD [?25l
[0K[?25h]0;Administrator:  Unstaged changes after reset:[0K[?25l
M       .Rproj.user/8A7F91B8/console06/EA2D521E[0K
M       .Rproj.user/8A7F91B8/console06/INDEX001[0K
[0K
C:\tesis_catie\Calderon_CATIE>[0K[?25hG[0KI[0KT[0KA[0K[?25lC:\tesis_catie\Calderon_CATIE>GIT[0K[?25h[?25lC:\tesis_catie\Calderon_CATIE>GI[0K[?25h[?25lC:\tesis_catie\Calderon_CATIE>G[0K[?25h[?25lC:\tesis_catie\Calderon_CATIE>[0K[?25hg[0Ki[0Kt[0K[35G[?25lC:\tesis_catie\Calderon_CATIE>git s[0K[?25ht[0Ka[0Kt[0Ku[0K]0;Administrator:   - git  statu[?25l
[0K[?25h]0;Administrator:  git: 'statu' is not a git command. See 'git --help'.[0K[?25l
[0K
The most similar commands are[0K
        status[0K
        stage[0K
        stash[0K
[0K
C:\tesis_catie\Calderon_CATIE>[0K[?25hgit statu[0Ks[0K]0;Administrator:   - git  status[?25l
[0K[?25h]0;Administrator:  On branch master[0K[?25l
Your branch is up to date with 'origin/master'.[0K
[0K
Changes not staged for commit:[0K
  (use "git add <file>..." to update what will be committed)[0K
  (use "git checkout -- <file>..." to discard changes in working directory)[0K
[0K
        [0;31mmodified:   .Rproj.user/8A7F91B8/console06/EA2D521E[0m[0K
        [0;31mmodified:   .Rproj.user/8A7F91B8/console06/INDEX001[0m[0K
[0K
no changes added to commit (use "git add" and/or "git commit -a")[0K
[0K
C:\tesis_catie\Calderon_CATIE>[0K[?25hg[0Ki[0Kt[0K[35G[?25lC:\tesis_catie\Calderon_CATIE>git a[0K[?25hd[0Kd[0K.[0K[?25lC:\tesis_catie\Calderon_CATIE>git add[0K[?25h[39G[?25lC:\tesis_catie\Calderon_CATIE>git add .[0K[?25h]0;Administrator:   - git  add .[?25l
[0K[?25h]0; [?25l
C:\tesis_catie\Calderon_CATIE>[0K[?25hgit checkout -- .Rproj.user/8A7F91B8/console06/EA2D521E[0K[?25lC:\tesis_catie\Calderon_CATIE>git status[0K[?25h]0;  - git  status[?25l
[0K[?25h]0; On branch master[0K[?25l
Your branch is up to date with 'origin/master'.[0K
[0K
Changes not staged for commit:[0K
  (use "git add <file>..." to update what will be committed)[0K
  (use "git checkout -- <file>..." to discard changes in working directory)[0K
[0K
        [0;31mmodified:   .Rproj.user/8A7F91B8/console06/EA2D521E[0m[0K
[0K
no changes added to commit (use "git add" and/or "git commit -a")[0K
[0K
C:\tesis_catie\Calderon_CATIE>[0K[?25hG[0KI[0KT[0K[35G[?25lC:\tesis_catie\Calderon_CATIE>GIT A[0K[?25hD[0K[?25lC:\tesis_catie\Calderon_CATIE>GIT A[0K[?25h[?25lC:\tesis_catie\Calderon_CATIE>GIT[0K[35G[?25h[34G[?25lC:\tesis_catie\Calderon_CATIE>GI[0K[?25h[?25lC:\tesis_catie\Calderon_CATIE>G[0K[?25h[?25lC:\tesis_catie\Calderon_CATIE>[0K[?25hg[0Ki[0Kt[0K[35G[?25lC:\tesis_catie\Calderon_CATIE>git a[0K[?25hd[0Kd[0K[39G[?25lC:\tesis_catie\Calderon_CATIE>git add .[0K[?25h]0;  - git  add .[?25l
[0K[?25h